
> devhub@0.0.0 build
> tsc -b && vite build

src/components/features/DirectMessageWidget.tsx(9,13): error TS2339: Property 'friends' does not exist on type 'SocialState'.
src/components/features/DirectMessageWidget.tsx(9,22): error TS2339: Property 'messages' does not exist on type 'SocialState'.
src/components/features/DirectMessageWidget.tsx(9,32): error TS2339: Property 'sendMessage' does not exist on type 'SocialState'.
src/components/features/DirectMessageWidget.tsx(15,39): error TS7006: Parameter 'f' implicitly has an 'any' type.
src/components/features/DirectMessageWidget.tsx(71,50): error TS7006: Parameter 'friend' implicitly has an 'any' type.
src/components/features/DirectMessageWidget.tsx(95,87): error TS7006: Parameter 'msg' implicitly has an 'any' type.
src/components/layout/Navbar.tsx(4,50): error TS6133: 'MessageSquare' is declared but its value is never read.
src/components/layout/Navbar.tsx(4,95): error TS6133: 'Loader2' is declared but its value is never read.
src/pages/Profile.tsx(4,5): error TS6133: 'Github' is declared but its value is never read.
src/pages/Profile.tsx(4,13): error TS6133: 'Twitter' is declared but its value is never read.
src/pages/Profile.tsx(4,30): error TS6133: 'LinkIcon' is declared but its value is never read.
src/pages/Profile.tsx(4,40): error TS6133: 'MapPin' is declared but its value is never read.
src/pages/Profile.tsx(5,12): error TS6133: 'Briefcase' is declared but its value is never read.
src/pages/Profile.tsx(24,12): error TS6133: 'loading' is declared but its value is never read.
src/store/socialStore.ts(36,57): error TS6133: 'get' is declared but its value is never read.
