src/pages/ProjectDetail.tsx(41,29): error TS6133: 'b' is declared but its value is never read.
src/pages/ProjectDetail.tsx(299,22): error TS2339: Property 'demoUrl' does not exist on type 'Project'.
src/pages/ProjectDetail.tsx(300,33): error TS2339: Property 'demoUrl' does not exist on type 'Project'.
src/pages/ProjectDetail.tsx(340,42): error TS2339: Property 'demoUrl' does not exist on type 'Project'.
