src/pages/PostDetail.tsx(98,42): error TS2339: Property '$id' does not exist on type 'User'.
src/pages/PostDetail.tsx(100,108): error TS2339: Property '$id' does not exist on type 'User'.
src/pages/UploadProject.tsx(73,31): error TS2339: Property '$id' does not exist on type 'User'.
src/pages/UploadProject.tsx(80,68): error TS2339: Property '$id' does not exist on type 'User'.
src/pages/Voice.tsx(65,17): error TS2322: Type '{ children: Element; disableFooter: true; hideNavPadding: true; }' is not assignable to type 'IntrinsicAttributes & LayoutProps'.
  Property 'disableFooter' does not exist on type 'IntrinsicAttributes & LayoutProps'.
src/pages/Voice.tsx(118,26): error TS2304: Cannot find name 'ChevronDown'.
